Archive member included because of file (symbol)

c:/winavr-20100110/bin/../lib/gcc/avr/4.3.3/../../../../avr/lib/avr51\libm.a(addsf3.o)
                              src/actuators.o (__subsf3)
c:/winavr-20100110/bin/../lib/gcc/avr/4.3.3/../../../../avr/lib/avr51\libm.a(addsf3x.o)
                              c:/winavr-20100110/bin/../lib/gcc/avr/4.3.3/../../../../avr/lib/avr51\libm.a(addsf3.o) (__addsf3x)
c:/winavr-20100110/bin/../lib/gcc/avr/4.3.3/../../../../avr/lib/avr51\libm.a(cmpsf2.o)
                              src/system.o (__nesf2)
c:/winavr-20100110/bin/../lib/gcc/avr/4.3.3/../../../../avr/lib/avr51\libm.a(divsf3.o)
                              src/actuators.o (__divsf3)
c:/winavr-20100110/bin/../lib/gcc/avr/4.3.3/../../../../avr/lib/avr51\libm.a(divsf3x.o)
                              c:/winavr-20100110/bin/../lib/gcc/avr/4.3.3/../../../../avr/lib/avr51\libm.a(divsf3.o) (__divsf3x)
c:/winavr-20100110/bin/../lib/gcc/avr/4.3.3/../../../../avr/lib/avr51\libm.a(fixsfsi.o)
                              src/actuators.o (__fixsfsi)
c:/winavr-20100110/bin/../lib/gcc/avr/4.3.3/../../../../avr/lib/avr51\libm.a(fixunssfsi.o)
                              main.o (__fixunssfsi)
c:/winavr-20100110/bin/../lib/gcc/avr/4.3.3/../../../../avr/lib/avr51\libm.a(floatsisf.o)
                              src/actuators.o (__floatunsisf)
c:/winavr-20100110/bin/../lib/gcc/avr/4.3.3/../../../../avr/lib/avr51\libm.a(fp_cmp.o)
                              c:/winavr-20100110/bin/../lib/gcc/avr/4.3.3/../../../../avr/lib/avr51\libm.a(cmpsf2.o) (__fp_cmp)
c:/winavr-20100110/bin/../lib/gcc/avr/4.3.3/../../../../avr/lib/avr51\libm.a(fp_inf.o)
                              c:/winavr-20100110/bin/../lib/gcc/avr/4.3.3/../../../../avr/lib/avr51\libm.a(addsf3x.o) (__fp_inf)
c:/winavr-20100110/bin/../lib/gcc/avr/4.3.3/../../../../avr/lib/avr51\libm.a(fp_nan.o)
                              c:/winavr-20100110/bin/../lib/gcc/avr/4.3.3/../../../../avr/lib/avr51\libm.a(addsf3x.o) (__fp_nan)
c:/winavr-20100110/bin/../lib/gcc/avr/4.3.3/../../../../avr/lib/avr51\libm.a(fp_pscA.o)
                              c:/winavr-20100110/bin/../lib/gcc/avr/4.3.3/../../../../avr/lib/avr51\libm.a(addsf3x.o) (__fp_pscA)
c:/winavr-20100110/bin/../lib/gcc/avr/4.3.3/../../../../avr/lib/avr51\libm.a(fp_pscB.o)
                              c:/winavr-20100110/bin/../lib/gcc/avr/4.3.3/../../../../avr/lib/avr51\libm.a(addsf3x.o) (__fp_pscB)
c:/winavr-20100110/bin/../lib/gcc/avr/4.3.3/../../../../avr/lib/avr51\libm.a(fp_round.o)
                              c:/winavr-20100110/bin/../lib/gcc/avr/4.3.3/../../../../avr/lib/avr51\libm.a(addsf3.o) (__fp_round)
c:/winavr-20100110/bin/../lib/gcc/avr/4.3.3/../../../../avr/lib/avr51\libm.a(fp_split3.o)
                              c:/winavr-20100110/bin/../lib/gcc/avr/4.3.3/../../../../avr/lib/avr51\libm.a(addsf3x.o) (__fp_split3)
c:/winavr-20100110/bin/../lib/gcc/avr/4.3.3/../../../../avr/lib/avr51\libm.a(fp_zero.o)
                              c:/winavr-20100110/bin/../lib/gcc/avr/4.3.3/../../../../avr/lib/avr51\libm.a(addsf3x.o) (__fp_zero)
c:/winavr-20100110/bin/../lib/gcc/avr/4.3.3/../../../../avr/lib/avr51\libm.a(gesf2.o)
                              src/system.o (__gesf2)
c:/winavr-20100110/bin/../lib/gcc/avr/4.3.3/../../../../avr/lib/avr51\libm.a(mulsf3.o)
                              main.o (__mulsf3)
c:/winavr-20100110/bin/../lib/gcc/avr/4.3.3/../../../../avr/lib/avr51\libm.a(mulsf3x.o)
                              c:/winavr-20100110/bin/../lib/gcc/avr/4.3.3/../../../../avr/lib/avr51\libm.a(mulsf3.o) (__mulsf3x)
c:/winavr-20100110/bin/../lib/gcc/avr/4.3.3/avr51\libgcc.a(_exit.o)
                              c:/winavr-20100110/bin/../lib/gcc/avr/4.3.3/../../../../avr/lib/avr51/crtcan128.o (exit)
c:/winavr-20100110/bin/../lib/gcc/avr/4.3.3/avr51\libgcc.a(_clear_bss.o)
                              main.o (__do_clear_bss)
c:/winavr-20100110/bin/../lib/gcc/avr/4.3.3/../../../../avr/lib/avr51\libc.a(calloc.o)
                              src/can.o (calloc)
c:/winavr-20100110/bin/../lib/gcc/avr/4.3.3/../../../../avr/lib/avr51\libc.a(malloc.o)
                              src/gpio.o (malloc)
c:/winavr-20100110/bin/../lib/gcc/avr/4.3.3/../../../../avr/lib/avr51\libc.a(memset.o)
                              c:/winavr-20100110/bin/../lib/gcc/avr/4.3.3/../../../../avr/lib/avr51\libc.a(calloc.o) (memset)

Allocating common symbols
Common symbol       size              file

restartCheck        0x1               main.o
active_state        0x2               main.o
__brkval            0x2               c:/winavr-20100110/bin/../lib/gcc/avr/4.3.3/../../../../avr/lib/avr51\libc.a(malloc.o)
__flp               0x2               c:/winavr-20100110/bin/../lib/gcc/avr/4.3.3/../../../../avr/lib/avr51\libc.a(malloc.o)
stateRobot          0x1               main.o

Discarded input sections

 .data          0x00000000        0x0 c:/winavr-20100110/bin/../lib/gcc/avr/4.3.3/../../../../avr/lib/avr51/crtcan128.o
 .bss           0x00000000        0x0 c:/winavr-20100110/bin/../lib/gcc/avr/4.3.3/../../../../avr/lib/avr51/crtcan128.o
 .text          0x00000000        0x0 main.o
 .data          0x00000000        0x0 main.o
 .bss           0x00000000        0x0 main.o
 COMMON         0x00000000        0x0 main.o
 .text          0x00000000        0x0 src/actuators.o
 .data          0x00000000        0x0 src/actuators.o
 .bss           0x00000000        0x0 src/actuators.o
 .text          0x00000000        0x0 src/can.o
 .data          0x00000000        0x0 src/can.o
 .bss           0x00000000        0x0 src/can.o
 .text.CAN_CheckRX
                0x00000000        0x0 src/can.o
 .bss.canTime   0x00000000        0x0 src/can.o
 .text          0x00000000        0x0 src/gpio.o
 .data          0x00000000        0x0 src/gpio.o
 .bss           0x00000000        0x0 src/gpio.o
 .text.gpio_write_pin
                0x00000000        0x0 src/gpio.o
 .bss.test      0x00000000        0x0 src/gpio.o
 .text          0x00000000        0x0 src/greenside.o
 .data          0x00000000        0x0 src/greenside.o
 .bss           0x00000000        0x0 src/greenside.o
 .text          0x00000000        0x0 src/odometry.o
 .data          0x00000000        0x0 src/odometry.o
 .bss           0x00000000        0x0 src/odometry.o
 .text.stop     0x00000000        0x0 src/odometry.o
 .text.getState
                0x00000000        0x0 src/odometry.o
 .text.odometry_get_x
                0x00000000        0x0 src/odometry.o
 .text.odometry_get_y
                0x00000000        0x0 src/odometry.o
 .text.odometry_get_angle
                0x00000000        0x0 src/odometry.o
 .text          0x00000000        0x0 src/purpleside.o
 .data          0x00000000        0x0 src/purpleside.o
 .bss           0x00000000        0x0 src/purpleside.o
 .text          0x00000000        0x0 src/system.o
 .data          0x00000000        0x0 src/system.o
 .bss           0x00000000        0x0 src/system.o
 .bss.received  0x00000000        0x0 src/system.o
 .text.delay    0x00000000        0x0 src/system.o
 .text.wait_for_big_robot
                0x00000000        0x0 src/system.o
 .text.system_get_match_started
                0x00000000        0x0 src/system.o
 .text.return_active_state
                0x00000000        0x0 src/system.o
 .text.delay_ms
                0x00000000        0x0 src/system.o
 .text.check_front_sensors
                0x00000000        0x0 src/system.o
 .text.check_back_sensors
                0x00000000        0x0 src/system.o
 .text          0x00000000        0x0 src/uart.o
 .data          0x00000000        0x0 src/uart.o
 .bss           0x00000000        0x0 src/uart.o
 .text.UART0_Init
                0x00000000        0x0 src/uart.o
 .bss.tx0_wr_index
                0x00000000        0x0 src/uart.o
 .text.UART0_Write
                0x00000000        0x0 src/uart.o
 .bss.rx0_rd_index
                0x00000000        0x0 src/uart.o
 .text.UART0_Read
                0x00000000        0x0 src/uart.o
 .text.initUart1
                0x00000000        0x0 src/uart.o
 .bss.tx1_wr_index
                0x00000000        0x0 src/uart.o
 .bss.rx1_rd_index
                0x00000000        0x0 src/uart.o
 .text.altUart0Write
                0x00000000        0x0 src/uart.o
 .text.altUart1Write
                0x00000000        0x0 src/uart.o
 .text.UART1_Write
                0x00000000        0x0 src/uart.o
 .text.UART1_Read
                0x00000000        0x0 src/uart.o
 .text          0x00000000        0x0 c:/winavr-20100110/bin/../lib/gcc/avr/4.3.3/../../../../avr/lib/avr51\libm.a(addsf3.o)
 .data          0x00000000        0x0 c:/winavr-20100110/bin/../lib/gcc/avr/4.3.3/../../../../avr/lib/avr51\libm.a(addsf3.o)
 .bss           0x00000000        0x0 c:/winavr-20100110/bin/../lib/gcc/avr/4.3.3/../../../../avr/lib/avr51\libm.a(addsf3.o)
 .text          0x00000000        0x0 c:/winavr-20100110/bin/../lib/gcc/avr/4.3.3/../../../../avr/lib/avr51\libm.a(addsf3x.o)
 .data          0x00000000        0x0 c:/winavr-20100110/bin/../lib/gcc/avr/4.3.3/../../../../avr/lib/avr51\libm.a(addsf3x.o)
 .bss           0x00000000        0x0 c:/winavr-20100110/bin/../lib/gcc/avr/4.3.3/../../../../avr/lib/avr51\libm.a(addsf3x.o)
 .text          0x00000000        0x0 c:/winavr-20100110/bin/../lib/gcc/avr/4.3.3/../../../../avr/lib/avr51\libm.a(cmpsf2.o)
 .data          0x00000000        0x0 c:/winavr-20100110/bin/../lib/gcc/avr/4.3.3/../../../../avr/lib/avr51\libm.a(cmpsf2.o)
 .bss           0x00000000        0x0 c:/winavr-20100110/bin/../lib/gcc/avr/4.3.3/../../../../avr/lib/avr51\libm.a(cmpsf2.o)
 .text          0x00000000        0x0 c:/winavr-20100110/bin/../lib/gcc/avr/4.3.3/../../../../avr/lib/avr51\libm.a(divsf3.o)
 .data          0x00000000        0x0 c:/winavr-20100110/bin/../lib/gcc/avr/4.3.3/../../../../avr/lib/avr51\libm.a(divsf3.o)
 .bss           0x00000000        0x0 c:/winavr-20100110/bin/../lib/gcc/avr/4.3.3/../../../../avr/lib/avr51\libm.a(divsf3.o)
 .text          0x00000000        0x0 c:/winavr-20100110/bin/../lib/gcc/avr/4.3.3/../../../../avr/lib/avr51\libm.a(divsf3x.o)
 .data          0x00000000        0x0 c:/winavr-20100110/bin/../lib/gcc/avr/4.3.3/../../../../avr/lib/avr51\libm.a(divsf3x.o)
 .bss           0x00000000        0x0 c:/winavr-20100110/bin/../lib/gcc/avr/4.3.3/../../../../avr/lib/avr51\libm.a(divsf3x.o)
 .text          0x00000000        0x0 c:/winavr-20100110/bin/../lib/gcc/avr/4.3.3/../../../../avr/lib/avr51\libm.a(fixsfsi.o)
 .data          0x00000000        0x0 c:/winavr-20100110/bin/../lib/gcc/avr/4.3.3/../../../../avr/lib/avr51\libm.a(fixsfsi.o)
 .bss           0x00000000        0x0 c:/winavr-20100110/bin/../lib/gcc/avr/4.3.3/../../../../avr/lib/avr51\libm.a(fixsfsi.o)
 .text          0x00000000        0x0 c:/winavr-20100110/bin/../lib/gcc/avr/4.3.3/../../../../avr/lib/avr51\libm.a(fixunssfsi.o)
 .data          0x00000000        0x0 c:/winavr-20100110/bin/../lib/gcc/avr/4.3.3/../../../../avr/lib/avr51\libm.a(fixunssfsi.o)
 .bss           0x00000000        0x0 c:/winavr-20100110/bin/../lib/gcc/avr/4.3.3/../../../../avr/lib/avr51\libm.a(fixunssfsi.o)
 .text          0x00000000        0x0 c:/winavr-20100110/bin/../lib/gcc/avr/4.3.3/../../../../avr/lib/avr51\libm.a(floatsisf.o)
 .data          0x00000000        0x0 c:/winavr-20100110/bin/../lib/gcc/avr/4.3.3/../../../../avr/lib/avr51\libm.a(floatsisf.o)
 .bss           0x00000000        0x0 c:/winavr-20100110/bin/../lib/gcc/avr/4.3.3/../../../../avr/lib/avr51\libm.a(floatsisf.o)
 .text          0x00000000        0x0 c:/winavr-20100110/bin/../lib/gcc/avr/4.3.3/../../../../avr/lib/avr51\libm.a(fp_cmp.o)
 .data          0x00000000        0x0 c:/winavr-20100110/bin/../lib/gcc/avr/4.3.3/../../../../avr/lib/avr51\libm.a(fp_cmp.o)
 .bss           0x00000000        0x0 c:/winavr-20100110/bin/../lib/gcc/avr/4.3.3/../../../../avr/lib/avr51\libm.a(fp_cmp.o)
 .text          0x00000000        0x0 c:/winavr-20100110/bin/../lib/gcc/avr/4.3.3/../../../../avr/lib/avr51\libm.a(fp_inf.o)
 .data          0x00000000        0x0 c:/winavr-20100110/bin/../lib/gcc/avr/4.3.3/../../../../avr/lib/avr51\libm.a(fp_inf.o)
 .bss           0x00000000        0x0 c:/winavr-20100110/bin/../lib/gcc/avr/4.3.3/../../../../avr/lib/avr51\libm.a(fp_inf.o)
 .text          0x00000000        0x0 c:/winavr-20100110/bin/../lib/gcc/avr/4.3.3/../../../../avr/lib/avr51\libm.a(fp_nan.o)
 .data          0x00000000        0x0 c:/winavr-20100110/bin/../lib/gcc/avr/4.3.3/../../../../avr/lib/avr51\libm.a(fp_nan.o)
 .bss           0x00000000        0x0 c:/winavr-20100110/bin/../lib/gcc/avr/4.3.3/../../../../avr/lib/avr51\libm.a(fp_nan.o)
 .text          0x00000000        0x0 c:/winavr-20100110/bin/../lib/gcc/avr/4.3.3/../../../../avr/lib/avr51\libm.a(fp_pscA.o)
 .data          0x00000000        0x0 c:/winavr-20100110/bin/../lib/gcc/avr/4.3.3/../../../../avr/lib/avr51\libm.a(fp_pscA.o)
 .bss           0x00000000        0x0 c:/winavr-20100110/bin/../lib/gcc/avr/4.3.3/../../../../avr/lib/avr51\libm.a(fp_pscA.o)
 .text          0x00000000        0x0 c:/winavr-20100110/bin/../lib/gcc/avr/4.3.3/../../../../avr/lib/avr51\libm.a(fp_pscB.o)
 .data          0x00000000        0x0 c:/winavr-20100110/bin/../lib/gcc/avr/4.3.3/../../../../avr/lib/avr51\libm.a(fp_pscB.o)
 .bss           0x00000000        0x0 c:/winavr-20100110/bin/../lib/gcc/avr/4.3.3/../../../../avr/lib/avr51\libm.a(fp_pscB.o)
 .text          0x00000000        0x0 c:/winavr-20100110/bin/../lib/gcc/avr/4.3.3/../../../../avr/lib/avr51\libm.a(fp_round.o)
 .data          0x00000000        0x0 c:/winavr-20100110/bin/../lib/gcc/avr/4.3.3/../../../../avr/lib/avr51\libm.a(fp_round.o)
 .bss           0x00000000        0x0 c:/winavr-20100110/bin/../lib/gcc/avr/4.3.3/../../../../avr/lib/avr51\libm.a(fp_round.o)
 .text          0x00000000        0x0 c:/winavr-20100110/bin/../lib/gcc/avr/4.3.3/../../../../avr/lib/avr51\libm.a(fp_split3.o)
 .data          0x00000000        0x0 c:/winavr-20100110/bin/../lib/gcc/avr/4.3.3/../../../../avr/lib/avr51\libm.a(fp_split3.o)
 .bss           0x00000000        0x0 c:/winavr-20100110/bin/../lib/gcc/avr/4.3.3/../../../../avr/lib/avr51\libm.a(fp_split3.o)
 .text          0x00000000        0x0 c:/winavr-20100110/bin/../lib/gcc/avr/4.3.3/../../../../avr/lib/avr51\libm.a(fp_zero.o)
 .data          0x00000000        0x0 c:/winavr-20100110/bin/../lib/gcc/avr/4.3.3/../../../../avr/lib/avr51\libm.a(fp_zero.o)
 .bss           0x00000000        0x0 c:/winavr-20100110/bin/../lib/gcc/avr/4.3.3/../../../../avr/lib/avr51\libm.a(fp_zero.o)
 .text          0x00000000        0x0 c:/winavr-20100110/bin/../lib/gcc/avr/4.3.3/../../../../avr/lib/avr51\libm.a(gesf2.o)
 .data          0x00000000        0x0 c:/winavr-20100110/bin/../lib/gcc/avr/4.3.3/../../../../avr/lib/avr51\libm.a(gesf2.o)
 .bss           0x00000000        0x0 c:/winavr-20100110/bin/../lib/gcc/avr/4.3.3/../../../../avr/lib/avr51\libm.a(gesf2.o)
 .text          0x00000000        0x0 c:/winavr-20100110/bin/../lib/gcc/avr/4.3.3/../../../../avr/lib/avr51\libm.a(mulsf3.o)
 .data          0x00000000        0x0 c:/winavr-20100110/bin/../lib/gcc/avr/4.3.3/../../../../avr/lib/avr51\libm.a(mulsf3.o)
 .bss           0x00000000        0x0 c:/winavr-20100110/bin/../lib/gcc/avr/4.3.3/../../../../avr/lib/avr51\libm.a(mulsf3.o)
 .text          0x00000000        0x0 c:/winavr-20100110/bin/../lib/gcc/avr/4.3.3/../../../../avr/lib/avr51\libm.a(mulsf3x.o)
 .data          0x00000000        0x0 c:/winavr-20100110/bin/../lib/gcc/avr/4.3.3/../../../../avr/lib/avr51\libm.a(mulsf3x.o)
 .bss           0x00000000        0x0 c:/winavr-20100110/bin/../lib/gcc/avr/4.3.3/../../../../avr/lib/avr51\libm.a(mulsf3x.o)
 .text          0x00000000        0x0 c:/winavr-20100110/bin/../lib/gcc/avr/4.3.3/avr51\libgcc.a(_exit.o)
 .data          0x00000000        0x0 c:/winavr-20100110/bin/../lib/gcc/avr/4.3.3/avr51\libgcc.a(_exit.o)
 .bss           0x00000000        0x0 c:/winavr-20100110/bin/../lib/gcc/avr/4.3.3/avr51\libgcc.a(_exit.o)
 .text.libgcc   0x00000000        0x0 c:/winavr-20100110/bin/../lib/gcc/avr/4.3.3/avr51\libgcc.a(_exit.o)
 .text          0x00000000        0x0 c:/winavr-20100110/bin/../lib/gcc/avr/4.3.3/avr51\libgcc.a(_clear_bss.o)
 .data          0x00000000        0x0 c:/winavr-20100110/bin/../lib/gcc/avr/4.3.3/avr51\libgcc.a(_clear_bss.o)
 .bss           0x00000000        0x0 c:/winavr-20100110/bin/../lib/gcc/avr/4.3.3/avr51\libgcc.a(_clear_bss.o)
 .text.libgcc   0x00000000        0x0 c:/winavr-20100110/bin/../lib/gcc/avr/4.3.3/avr51\libgcc.a(_clear_bss.o)
 .text          0x00000000        0x0 c:/winavr-20100110/bin/../lib/gcc/avr/4.3.3/../../../../avr/lib/avr51\libc.a(calloc.o)
 .data          0x00000000        0x0 c:/winavr-20100110/bin/../lib/gcc/avr/4.3.3/../../../../avr/lib/avr51\libc.a(calloc.o)
 .bss           0x00000000        0x0 c:/winavr-20100110/bin/../lib/gcc/avr/4.3.3/../../../../avr/lib/avr51\libc.a(calloc.o)
 .text          0x00000000        0x0 c:/winavr-20100110/bin/../lib/gcc/avr/4.3.3/../../../../avr/lib/avr51\libc.a(malloc.o)
 .bss           0x00000000        0x0 c:/winavr-20100110/bin/../lib/gcc/avr/4.3.3/../../../../avr/lib/avr51\libc.a(malloc.o)
 .text          0x00000000        0x0 c:/winavr-20100110/bin/../lib/gcc/avr/4.3.3/../../../../avr/lib/avr51\libc.a(memset.o)
 .data          0x00000000        0x0 c:/winavr-20100110/bin/../lib/gcc/avr/4.3.3/../../../../avr/lib/avr51\libc.a(memset.o)
 .bss           0x00000000        0x0 c:/winavr-20100110/bin/../lib/gcc/avr/4.3.3/../../../../avr/lib/avr51\libc.a(memset.o)

Memory Configuration

Name             Origin             Length             Attributes
text             0x00000000         0x00020000         xr
data             0x00800060         0x0000ffa0         rw !x
eeprom           0x00810000         0x00010000         rw !x
fuse             0x00820000         0x00000400         rw !x
lock             0x00830000         0x00000400         rw !x
signature        0x00840000         0x00000400         rw !x
*default*        0x00000000         0xffffffff

Linker script and memory map

Address of section .data set to 0x800100
LOAD c:/winavr-20100110/bin/../lib/gcc/avr/4.3.3/../../../../avr/lib/avr51/crtcan128.o
LOAD main.o
LOAD src/actuators.o
LOAD src/can.o
LOAD src/gpio.o
LOAD src/greenside.o
LOAD src/odometry.o
LOAD src/purpleside.o
LOAD src/system.o
LOAD src/uart.o
START GROUP
LOAD c:/winavr-20100110/bin/../lib/gcc/avr/4.3.3/../../../../avr/lib/avr51\libm.a
END GROUP
LOAD c:/winavr-20100110/bin/../lib/gcc/avr/4.3.3/avr51\libgcc.a
LOAD c:/winavr-20100110/bin/../lib/gcc/avr/4.3.3/../../../../avr/lib/avr51\libc.a
LOAD c:/winavr-20100110/bin/../lib/gcc/avr/4.3.3/avr51\libgcc.a

.hash
 *(.hash)

.dynsym
 *(.dynsym)

.dynstr
 *(.dynstr)

.gnu.version
 *(.gnu.version)

.gnu.version_d
 *(.gnu.version_d)

.gnu.version_r
 *(.gnu.version_r)

.rel.init
 *(.rel.init)

.rela.init
 *(.rela.init)

.rel.text
 *(.rel.text)
 *(.rel.text.*)
 *(.rel.gnu.linkonce.t*)

.rela.text
 *(.rela.text)
 *(.rela.text.*)
 *(.rela.gnu.linkonce.t*)

.rel.fini
 *(.rel.fini)

.rela.fini
 *(.rela.fini)

.rel.rodata
 *(.rel.rodata)
 *(.rel.rodata.*)
 *(.rel.gnu.linkonce.r*)

.rela.rodata
 *(.rela.rodata)
 *(.rela.rodata.*)
 *(.rela.gnu.linkonce.r*)

.rel.data
 *(.rel.data)
 *(.rel.data.*)
 *(.rel.gnu.linkonce.d*)

.rela.data
 *(.rela.data)
 *(.rela.data.*)
 *(.rela.gnu.linkonce.d*)

.rel.ctors
 *(.rel.ctors)

.rela.ctors
 *(.rela.ctors)

.rel.dtors
 *(.rel.dtors)

.rela.dtors
 *(.rela.dtors)

.rel.got
 *(.rel.got)

.rela.got
 *(.rela.got)

.rel.bss
 *(.rel.bss)

.rela.bss
 *(.rela.bss)

.rel.plt
 *(.rel.plt)

.rela.plt
 *(.rela.plt)

.text           0x00000000     0x476c
 *(.vectors)
 .vectors       0x00000000       0x94 c:/winavr-20100110/bin/../lib/gcc/avr/4.3.3/../../../../avr/lib/avr51/crtcan128.o
                0x00000000                __vectors
                0x00000000                __vector_default
 *(.vectors)
 *(.progmem.gcc*)
 *(.progmem*)
                0x00000094                . = ALIGN (0x2)
                0x00000094                __trampolines_start = .
 *(.trampolines)
 .trampolines   0x00000094        0x0 linker stubs
 *(.trampolines*)
                0x00000094                __trampolines_end = .
 *(.jumptables)
 *(.jumptables*)
 *(.lowtext)
 *(.lowtext*)
                0x00000094                __ctors_start = .
 *(.ctors)
                0x00000094                __ctors_end = .
                0x00000094                __dtors_start = .
 *(.dtors)
                0x00000094                __dtors_end = .
 SORT(*)(.ctors)
 SORT(*)(.dtors)
 *(.init0)
 .init0         0x00000094        0x0 c:/winavr-20100110/bin/../lib/gcc/avr/4.3.3/../../../../avr/lib/avr51/crtcan128.o
                0x00000094                __init
 *(.init0)
 *(.init1)
 *(.init1)
 *(.init2)
 .init2         0x00000094        0xc c:/winavr-20100110/bin/../lib/gcc/avr/4.3.3/../../../../avr/lib/avr51/crtcan128.o
 *(.init2)
 *(.init3)
 *(.init3)
 *(.init4)
 .init4         0x000000a0       0x1a c:/winavr-20100110/bin/../lib/gcc/avr/4.3.3/../../../../avr/lib/avr51/crtcan128.o
                0x000000a0                __do_copy_data
 .init4         0x000000ba       0x10 c:/winavr-20100110/bin/../lib/gcc/avr/4.3.3/avr51\libgcc.a(_clear_bss.o)
                0x000000ba                __do_clear_bss
 *(.init4)
 *(.init5)
 *(.init5)
 *(.init6)
 *(.init6)
 *(.init7)
 *(.init7)
 *(.init8)
 *(.init8)
 *(.init9)
 .init9         0x000000ca        0x6 c:/winavr-20100110/bin/../lib/gcc/avr/4.3.3/../../../../avr/lib/avr51/crtcan128.o
 *(.init9)
 *(.text)
 .text          0x000000d0        0x2 c:/winavr-20100110/bin/../lib/gcc/avr/4.3.3/../../../../avr/lib/avr51/crtcan128.o
                0x000000d0                __vector_22
                0x000000d0                __vector_28
                0x000000d0                __vector_1
                0x000000d0                __vector_24
                0x000000d0                __bad_interrupt
                0x000000d0                __vector_6
                0x000000d0                __vector_31
                0x000000d0                __vector_35
                0x000000d0                __vector_3
                0x000000d0                __vector_30
                0x000000d0                __vector_25
                0x000000d0                __vector_11
                0x000000d0                __vector_13
                0x000000d0                __vector_17
                0x000000d0                __vector_19
                0x000000d0                __vector_7
                0x000000d0                __vector_27
                0x000000d0                __vector_5
                0x000000d0                __vector_33
                0x000000d0                __vector_4
                0x000000d0                __vector_9
                0x000000d0                __vector_2
                0x000000d0                __vector_15
                0x000000d0                __vector_36
                0x000000d0                __vector_29
                0x000000d0                __vector_8
                0x000000d0                __vector_26
                0x000000d0                __vector_14
                0x000000d0                __vector_10
                0x000000d0                __vector_16
                0x000000d0                __vector_20
                0x000000d2                . = ALIGN (0x2)
 *(.text.*)
 .text.main     0x000000d2      0x15c main.o
                0x000000d2                main
 .text.servo_init
                0x0000022e       0xe2 src/actuators.o
                0x0000022e                servo_init
 .text.servo_set_duty_cycle_umbrella
                0x00000310       0xbe src/actuators.o
 .text.servo_set_duty_cycle_door
                0x000003ce       0xbe src/actuators.o
 .text.servo_set_duty_cycle_left_grabber
                0x0000048c       0xbe src/actuators.o
 .text.servo_set_umbrella_position
                0x0000054a       0x8a src/actuators.o
                0x0000054a                servo_set_umbrella_position
 .text.servo_set_door_position
                0x000005d4       0x8a src/actuators.o
                0x000005d4                servo_set_door_position
 .text.servo_set_left_grabber_position
                0x0000065e       0x8a src/actuators.o
                0x0000065e                servo_set_left_grabber_position
 .text.servo_set_right_grabber_position
                0x000006e8       0x1c src/actuators.o
                0x000006e8                servo_set_right_grabber_position
 .text.servo_set_grabbers_up
                0x00000704       0x16 src/actuators.o
                0x00000704                servo_set_grabbers_up
 .text.servo_set_grabbers_down
                0x0000071a       0x16 src/actuators.o
                0x0000071a                servo_set_grabbers_down
 .text.actuators_umbrella
                0x00000730      0x112 src/actuators.o
                0x00000730                actuators_umbrella
 .text.actuators_setup
                0x00000842      0x2dc src/actuators.o
                0x00000842                actuators_setup
 .text.__vector_18
                0x00000b1e      0x1c0 src/can.o
                0x00000b1e                __vector_18
 .text.CAN_InitModule
                0x00000cde       0xca src/can.o
 .text.CAN_InitRxMob
                0x00000da8       0xee src/can.o
 .text.CAN_Init
                0x00000e96       0x98 src/can.o
                0x00000e96                CAN_Init
 .text.CAN_Read
                0x00000f2e       0xf0 src/can.o
                0x00000f2e                CAN_Read
 .text.CAN_Write
                0x0000101e      0x102 src/can.o
                0x0000101e                CAN_Write
 .text.gpio_register_pin
                0x00001120      0x1ea src/gpio.o
                0x00001120                gpio_register_pin
 .text.list_add
                0x0000130a       0x36 src/gpio.o
 .text.__list_add
                0x00001340       0x5c src/gpio.o
 .text.__gpio_read_pin
                0x0000139c       0x60 src/gpio.o
 .text.gpio_read_pin
                0x000013fc      0x100 src/gpio.o
                0x000013fc                gpio_read_pin
 .text.gpio_debouncer
                0x000014fc       0xac src/gpio.o
                0x000014fc                gpio_debouncer
 .text.grabbers_down_green
                0x000015a8       0x26 src/greenside.o
                0x000015a8                grabbers_down_green
 .text.grabbers_up_green
                0x000015ce       0x26 src/greenside.o
                0x000015ce                grabbers_up_green
 .text.greenside
                0x000015f4      0xdea src/greenside.o
                0x000015f4                greenside
 .text.odometry_set_speed
                0x000023de      0x138 src/odometry.o
                0x000023de                odometry_set_speed
 .text.odometry_query_position
                0x00002516      0x184 src/odometry.o
 .text.odometry_wait_until_done
                0x0000269a       0x78 src/odometry.o
 .text.odometry_move_straight
                0x00002712      0x152 src/odometry.o
                0x00002712                odometry_move_straight
 .text.odometry_move_to_position
                0x00002864      0x172 src/odometry.o
                0x00002864                odometry_move_to_position
 .text.odometry_set_position
                0x000029d6      0x1ae src/odometry.o
                0x000029d6                odometry_set_position
 .text.odometry_rotate
                0x00002b84      0x152 src/odometry.o
                0x00002b84                odometry_rotate
 .text.odometry_set_angle
                0x00002cd6      0x152 src/odometry.o
                0x00002cd6                odometry_set_angle
 .text.grabbers_down_purple
                0x00002e28       0x28 src/purpleside.o
                0x00002e28                grabbers_down_purple
 .text.grabbers_up_purple
                0x00002e50       0x28 src/purpleside.o
                0x00002e50                grabbers_up_purple
 .text.purpleside
                0x00002e78      0xc10 src/purpleside.o
                0x00002e78                purpleside
 .text.timer_register_callback
                0x00003a88       0x24 src/system.o
                0x00003a88                timer_register_callback
 .text.timer_init
                0x00003aac       0x8c src/system.o
                0x00003aac                timer_init
 .text.__vector_12
                0x00003b38       0xbc src/system.o
                0x00003b38                __vector_12
 .text.sides_switch_check
                0x00003bf4       0x26 src/system.o
                0x00003bf4                sides_switch_check
 .text.system_reset_system_time
                0x00003c1a       0x1e src/system.o
                0x00003c1a                system_reset_system_time
 .text.system_set_match_started
                0x00003c38       0x14 src/system.o
                0x00003c38                system_set_match_started
 .text.system_get_system_time
                0x00003c4c       0x22 src/system.o
                0x00003c4c                system_get_system_time
 .text.system_init
                0x00003c6e      0x254 src/system.o
                0x00003c6e                system_init
 .text.__vector_23
                0x00003ec2       0x82 src/uart.o
                0x00003ec2                __vector_23
 .text.__vector_21
                0x00003f44       0x90 src/uart.o
                0x00003f44                __vector_21
 .text.__vector_34
                0x00003fd4       0x82 src/uart.o
                0x00003fd4                __vector_34
 .text.__vector_32
                0x00004056       0x90 src/uart.o
                0x00004056                __vector_32
 .text.avr-libc.fplib
                0x000040e6        0xa c:/winavr-20100110/bin/../lib/gcc/avr/4.3.3/../../../../avr/lib/avr51\libm.a(addsf3.o)
                0x000040e6                __subsf3
                0x000040e8                __addsf3
 .text.avr-libc.fplib
                0x000040f0       0xc0 c:/winavr-20100110/bin/../lib/gcc/avr/4.3.3/../../../../avr/lib/avr51\libm.a(addsf3x.o)
                0x0000410a                __addsf3x
 .text.avr-libc.fplib
                0x000041b0        0x8 c:/winavr-20100110/bin/../lib/gcc/avr/4.3.3/../../../../avr/lib/avr51\libm.a(cmpsf2.o)
                0x000041b0                __lesf2
                0x000041b0                __nesf2
                0x000041b0                __eqsf2
                0x000041b0                __cmpsf2
                0x000041b0                __ltsf2
 .text.avr-libc.fplib
                0x000041b8        0x4 c:/winavr-20100110/bin/../lib/gcc/avr/4.3.3/../../../../avr/lib/avr51\libm.a(divsf3.o)
                0x000041b8                __divsf3
 .text.avr-libc.fplib
                0x000041bc       0xcc c:/winavr-20100110/bin/../lib/gcc/avr/4.3.3/../../../../avr/lib/avr51\libm.a(divsf3x.o)
                0x000041d2                __divsf3x
                0x000041d6                __divsf3_pse
 .text.avr-libc.fplib
                0x00004288        0xa c:/winavr-20100110/bin/../lib/gcc/avr/4.3.3/../../../../avr/lib/avr51\libm.a(fixsfsi.o)
                0x00004288                __fixsfsi
 .text.avr-libc.fplib
                0x00004292       0x58 c:/winavr-20100110/bin/../lib/gcc/avr/4.3.3/../../../../avr/lib/avr51\libm.a(fixunssfsi.o)
                0x00004292                __fixunssfsi
 .text.avr-libc.fplib
                0x000042ea       0x7a c:/winavr-20100110/bin/../lib/gcc/avr/4.3.3/../../../../avr/lib/avr51\libm.a(floatsisf.o)
                0x000042ee                __floatsisf
                0x000042ea                __floatunsisf
 .text.avr-libc.fplib
                0x00004364       0x48 c:/winavr-20100110/bin/../lib/gcc/avr/4.3.3/../../../../avr/lib/avr51\libm.a(fp_cmp.o)
                0x00004364                __fp_cmp
 .text.avr-libc.fplib
                0x000043ac        0xc c:/winavr-20100110/bin/../lib/gcc/avr/4.3.3/../../../../avr/lib/avr51\libm.a(fp_inf.o)
                0x000043ac                __fp_inf
 .text.avr-libc.fplib
                0x000043b8        0x6 c:/winavr-20100110/bin/../lib/gcc/avr/4.3.3/../../../../avr/lib/avr51\libm.a(fp_nan.o)
                0x000043b8                __fp_nan
 .text.avr-libc.fplib
                0x000043be        0xe c:/winavr-20100110/bin/../lib/gcc/avr/4.3.3/../../../../avr/lib/avr51\libm.a(fp_pscA.o)
                0x000043be                __fp_pscA
 .text.avr-libc.fplib
                0x000043cc        0xe c:/winavr-20100110/bin/../lib/gcc/avr/4.3.3/../../../../avr/lib/avr51\libm.a(fp_pscB.o)
                0x000043cc                __fp_pscB
 .text.avr-libc.fplib
                0x000043da       0x22 c:/winavr-20100110/bin/../lib/gcc/avr/4.3.3/../../../../avr/lib/avr51\libm.a(fp_round.o)
                0x000043da                __fp_round
 .text.avr-libc.fplib
                0x000043fc       0x44 c:/winavr-20100110/bin/../lib/gcc/avr/4.3.3/../../../../avr/lib/avr51\libm.a(fp_split3.o)
                0x000043fc                __fp_split3
                0x0000440c                __fp_splitA
 .text.avr-libc.fplib
                0x00004440        0xe c:/winavr-20100110/bin/../lib/gcc/avr/4.3.3/../../../../avr/lib/avr51\libm.a(fp_zero.o)
                0x00004440                __fp_zero
                0x00004442                __fp_szero
 .text.avr-libc.fplib
                0x0000444e        0x8 c:/winavr-20100110/bin/../lib/gcc/avr/4.3.3/../../../../avr/lib/avr51\libm.a(gesf2.o)
                0x0000444e                __gtsf2
                0x0000444e                __gesf2
 .text.avr-libc.fplib
                0x00004456        0x4 c:/winavr-20100110/bin/../lib/gcc/avr/4.3.3/../../../../avr/lib/avr51\libm.a(mulsf3.o)
                0x00004456                __mulsf3
 .text.avr-libc.fplib
                0x0000445a       0xc2 c:/winavr-20100110/bin/../lib/gcc/avr/4.3.3/../../../../avr/lib/avr51\libm.a(mulsf3x.o)
                0x00004472                __mulsf3_pse
                0x0000446e                __mulsf3x
 .text.avr-libc
                0x0000451c       0x34 c:/winavr-20100110/bin/../lib/gcc/avr/4.3.3/../../../../avr/lib/avr51\libc.a(calloc.o)
                0x0000451c                calloc
 .text.avr-libc
                0x00004550      0x20a c:/winavr-20100110/bin/../lib/gcc/avr/4.3.3/../../../../avr/lib/avr51\libc.a(malloc.o)
                0x00004550                malloc
                0x000046aa                free
 .text.avr-libc
                0x0000475a        0xe c:/winavr-20100110/bin/../lib/gcc/avr/4.3.3/../../../../avr/lib/avr51\libc.a(memset.o)
                0x0000475a                memset
                0x00004768                . = ALIGN (0x2)
 *(.fini9)
 .fini9         0x00004768        0x0 c:/winavr-20100110/bin/../lib/gcc/avr/4.3.3/avr51\libgcc.a(_exit.o)
                0x00004768                exit
                0x00004768                _exit
 *(.fini9)
 *(.fini8)
 *(.fini8)
 *(.fini7)
 *(.fini7)
 *(.fini6)
 *(.fini6)
 *(.fini5)
 *(.fini5)
 *(.fini4)
 *(.fini4)
 *(.fini3)
 *(.fini3)
 *(.fini2)
 *(.fini2)
 *(.fini1)
 *(.fini1)
 *(.fini0)
 .fini0         0x00004768        0x4 c:/winavr-20100110/bin/../lib/gcc/avr/4.3.3/avr51\libgcc.a(_exit.o)
 *(.fini0)
                0x0000476c                _etext = .

.data           0x00800100      0x174 load address 0x0000476c
                0x00800100                PROVIDE (__data_start, .)
 *(.data)
 .data          0x00800100        0x6 c:/winavr-20100110/bin/../lib/gcc/avr/4.3.3/../../../../avr/lib/avr51\libc.a(malloc.o)
                0x00800102                __malloc_heap_start
                0x00800104                __malloc_heap_end
                0x00800100                __malloc_margin
 *(.data*)
 .data.set      0x00800106        0x2 main.o
                0x00800106                set
 .data.gpio_inputs
                0x00800108        0x4 src/gpio.o
                0x00800108                gpio_inputs
 .data.position
                0x0080010c        0x7 src/odometry.o
                0x0080010c                position
 *(.rodata)
 *(.rodata*)
 .rodata.green_tactic_one_positions
                0x00800113       0xb0 src/greenside.o
                0x00800113                green_tactic_one_positions
 .rodata.purple_tactic_one_positions
                0x008001c3       0xb0 src/purpleside.o
                0x008001c3                purple_tactic_one_positions
 *(.gnu.linkonce.d*)
                0x00800274                . = ALIGN (0x2)
 *fill*         0x00800273        0x1 00
                0x00800274                _edata = .
                0x00800274                PROVIDE (__data_end, .)

.bss            0x00800274      0x148
                0x00800274                PROVIDE (__bss_start, .)
 *(.bss)
 *(.bss*)
 .bss.rxBuffers
                0x00800274       0x14 src/can.o
 .bss.rxWrIndex
                0x00800288        0xa src/can.o
 .bss.rxRdIndex
                0x00800292        0xa src/can.o
 .bss.rxCounter
                0x0080029c        0xa src/can.o
 .bss.count.1609
                0x008002a6        0x2 src/gpio.o
 .bss.current_speed
                0x008002a8        0x1 src/odometry.o
 .bss.timer_callback
                0x008002a9        0x2 src/system.o
 .bss.sys_time  0x008002ab        0x4 src/system.o
 .bss.match_started
                0x008002af        0x1 src/system.o
 .bss.tx0_counter
                0x008002b0        0x1 src/uart.o
 .bss.tx0_rd_index
                0x008002b1        0x1 src/uart.o
 .bss.rx0_wr_index
                0x008002b2        0x1 src/uart.o
 .bss.rx0_counter
                0x008002b3        0x1 src/uart.o
 .bss.tx1_counter
                0x008002b4        0x1 src/uart.o
 .bss.tx1_rd_index
                0x008002b5        0x1 src/uart.o
 .bss.rx1_wr_index
                0x008002b6        0x1 src/uart.o
 .bss.rx1_counter
                0x008002b7        0x1 src/uart.o
 .bss.tx0_buffer
                0x008002b8       0x40 src/uart.o
 .bss.rx0_buffer
                0x008002f8       0x40 src/uart.o
 .bss.tx1_buffer
                0x00800338       0x40 src/uart.o
 .bss.rx1_buffer
                0x00800378       0x40 src/uart.o
 *(COMMON)
 COMMON         0x008003b8        0x4 c:/winavr-20100110/bin/../lib/gcc/avr/4.3.3/../../../../avr/lib/avr51\libc.a(malloc.o)
                0x008003b8                __brkval
                0x008003ba                __flp
                0x008003bc                PROVIDE (__bss_end, .)
                0x0000476c                __data_load_start = LOADADDR (.data)
                0x000048e0                __data_load_end = (__data_load_start + SIZEOF (.data))

.noinit         0x008003bc        0x0
                0x008003bc                PROVIDE (__noinit_start, .)
 *(.noinit*)
                0x008003bc                PROVIDE (__noinit_end, .)
                0x008003bc                _end = .
                0x008003bc                PROVIDE (__heap_start, .)

.eeprom         0x00810000        0x0
 *(.eeprom*)
                0x00810000                __eeprom_end = .

.fuse
 *(.fuse)
 *(.lfuse)
 *(.hfuse)
 *(.efuse)

.lock
 *(.lock*)

.signature
 *(.signature*)

.stab
 *(.stab)

.stabstr
 *(.stabstr)

.stab.excl
 *(.stab.excl)

.stab.exclstr
 *(.stab.exclstr)

.stab.index
 *(.stab.index)

.stab.indexstr
 *(.stab.indexstr)

.comment
 *(.comment)

.debug
 *(.debug)

.line
 *(.line)

.debug_srcinfo
 *(.debug_srcinfo)

.debug_sfnames
 *(.debug_sfnames)

.debug_aranges  0x00000000      0x320
 *(.debug_aranges)
 .debug_aranges
                0x00000000       0x20 main.o
 .debug_aranges
                0x00000020       0x78 src/actuators.o
 .debug_aranges
                0x00000098       0x50 src/can.o
 .debug_aranges
                0x000000e8       0x50 src/gpio.o
 .debug_aranges
                0x00000138       0x30 src/greenside.o
 .debug_aranges
                0x00000168       0x80 src/odometry.o
 .debug_aranges
                0x000001e8       0x30 src/purpleside.o
 .debug_aranges
                0x00000218       0x90 src/system.o
 .debug_aranges
                0x000002a8       0x78 src/uart.o

.debug_pubnames
                0x00000000      0x741
 *(.debug_pubnames)
 .debug_pubnames
                0x00000000       0x54 main.o
 .debug_pubnames
                0x00000054      0x138 src/actuators.o
 .debug_pubnames
                0x0000018c       0x5a src/can.o
 .debug_pubnames
                0x000001e6       0x79 src/gpio.o
 .debug_pubnames
                0x0000025f       0x9e src/greenside.o
 .debug_pubnames
                0x000002fd      0x138 src/odometry.o
 .debug_pubnames
                0x00000435       0xa2 src/purpleside.o
 .debug_pubnames
                0x000004d7      0x199 src/system.o
 .debug_pubnames
                0x00000670       0xd1 src/uart.o

.debug_info     0x00000000     0x259c
 *(.debug_info)
 .debug_info    0x00000000      0x16f main.o
 .debug_info    0x0000016f      0x3e9 src/actuators.o
 .debug_info    0x00000558      0x2cf src/can.o
 .debug_info    0x00000827      0x414 src/gpio.o
 .debug_info    0x00000c3b      0x5a3 src/greenside.o
 .debug_info    0x000011de      0x6f7 src/odometry.o
 .debug_info    0x000018d5      0x555 src/purpleside.o
 .debug_info    0x00001e2a      0x3dd src/system.o
 .debug_info    0x00002207      0x395 src/uart.o
 *(.gnu.linkonce.wi.*)

.debug_abbrev   0x00000000      0xaed
 *(.debug_abbrev)
 .debug_abbrev  0x00000000       0xcd main.o
 .debug_abbrev  0x000000cd      0x115 src/actuators.o
 .debug_abbrev  0x000001e2       0xef src/can.o
 .debug_abbrev  0x000002d1      0x157 src/gpio.o
 .debug_abbrev  0x00000428      0x16e src/greenside.o
 .debug_abbrev  0x00000596      0x1ba src/odometry.o
 .debug_abbrev  0x00000750      0x16e src/purpleside.o
 .debug_abbrev  0x000008be      0x156 src/system.o
 .debug_abbrev  0x00000a14       0xd9 src/uart.o

.debug_line     0x00000000     0x29b8
 *(.debug_line)
 .debug_line    0x00000000      0x1bc main.o
 .debug_line    0x000001bc      0x4b0 src/actuators.o
 .debug_line    0x0000066c      0x3fa src/can.o
 .debug_line    0x00000a66      0x2fd src/gpio.o
 .debug_line    0x00000d63      0x604 src/greenside.o
 .debug_line    0x00001367      0x7c7 src/odometry.o
 .debug_line    0x00001b2e      0x59a src/purpleside.o
 .debug_line    0x000020c8      0x4c3 src/system.o
 .debug_line    0x0000258b      0x42d src/uart.o

.debug_frame    0x00000000      0x520
 *(.debug_frame)
 .debug_frame   0x00000000       0x20 main.o
 .debug_frame   0x00000020       0xd0 src/actuators.o
 .debug_frame   0x000000f0       0x80 src/can.o
 .debug_frame   0x00000170       0x80 src/gpio.o
 .debug_frame   0x000001f0       0x40 src/greenside.o
 .debug_frame   0x00000230       0xe0 src/odometry.o
 .debug_frame   0x00000310       0x40 src/purpleside.o
 .debug_frame   0x00000350      0x100 src/system.o
 .debug_frame   0x00000450       0xd0 src/uart.o

.debug_str      0x00000000      0x970
 *(.debug_str)
 .debug_str     0x00000000       0xdd main.o
                                0x123 (size before relaxing)
 .debug_str     0x000000dd      0x14f src/actuators.o
                                0x271 (size before relaxing)
 .debug_str     0x0000022c      0x105 src/can.o
                                0x184 (size before relaxing)
 .debug_str     0x00000331       0xda src/gpio.o
                                0x1c8 (size before relaxing)
 .debug_str     0x0000040b       0xd7 src/greenside.o
                                0x225 (size before relaxing)
 .debug_str     0x000004e2      0x159 src/odometry.o
                                0x2d7 (size before relaxing)
 .debug_str     0x0000063b       0x63 src/purpleside.o
                                0x22a (size before relaxing)
 .debug_str     0x0000069e      0x163 src/system.o
                                0x2a6 (size before relaxing)
 .debug_str     0x00000801      0x16f src/uart.o
                                0x22c (size before relaxing)

.debug_loc
 *(.debug_loc)

.debug_macinfo
 *(.debug_macinfo)
OUTPUT(malo_govno.elf elf32-avr)
LOAD linker stubs

.debug_ranges   0x00000000      0x2d8
 .debug_ranges  0x00000000       0x18 main.o
 .debug_ranges  0x00000018       0x70 src/actuators.o
 .debug_ranges  0x00000088       0x48 src/can.o
 .debug_ranges  0x000000d0       0x48 src/gpio.o
 .debug_ranges  0x00000118       0x28 src/greenside.o
 .debug_ranges  0x00000140       0x78 src/odometry.o
 .debug_ranges  0x000001b8       0x28 src/purpleside.o
 .debug_ranges  0x000001e0       0x88 src/system.o
 .debug_ranges  0x00000268       0x70 src/uart.o
